\BOOKMARK [1][-]{section.1}{Introduction}{}% 1
\BOOKMARK [1][-]{section.2}{Related Work}{}% 2
\BOOKMARK [1][-]{section.3}{Method}{}% 3
\BOOKMARK [2][-]{subsection.3.1}{Fine-grained Contrastive Learning}{section.3}% 4
\BOOKMARK [3][-]{subsubsection.3.1.1}{Cross-modal Late Interaction}{subsection.3.1}% 5
\BOOKMARK [3][-]{subsubsection.3.1.2}{Prompt Ensemble and Templates}{subsection.3.1}% 6
\BOOKMARK [2][-]{subsection.3.2}{Image and Text Augmentation}{section.3}% 7
\BOOKMARK [2][-]{subsection.3.3}{Pre-training Dataset}{section.3}% 8
\BOOKMARK [1][-]{section.4}{Experiments}{}% 9
\BOOKMARK [2][-]{subsection.4.1}{Experimental Setup}{section.4}% 10
\BOOKMARK [2][-]{subsection.4.2}{Zero-Shot Image Classification}{section.4}% 11
\BOOKMARK [2][-]{subsection.4.3}{Image-Text Retrieval}{section.4}% 12
\BOOKMARK [2][-]{subsection.4.4}{Ablation Study}{section.4}% 13
\BOOKMARK [2][-]{subsection.4.5}{Visualization of Fine-grained Alignment}{section.4}% 14
\BOOKMARK [1][-]{section.5}{Conclusion and Future Work}{}% 15
\BOOKMARK [1][-]{appendix.A}{Appendix}{}% 16
\BOOKMARK [2][-]{subsection.A.1}{Datasets Summary}{appendix.A}% 17
\BOOKMARK [2][-]{subsection.A.2}{Detailed Experimental Settings}{appendix.A}% 18
\BOOKMARK [2][-]{subsection.A.3}{More visualizations of Word-patch Alignment and Grad-cam Heatmaps}{appendix.A}% 19
\BOOKMARK [2][-]{subsection.A.4}{Prompt Templates for downstream tasks}{appendix.A}% 20
