\BOOKMARK [1][-]{section.1}{Introduction}{}% 1
\BOOKMARK [1][-]{section.2}{Background}{}% 2
\BOOKMARK [2][-]{subsection.2.1}{PyTorch}{section.2}% 3
\BOOKMARK [2][-]{subsection.2.2}{Data Parallelism}{section.2}% 4
\BOOKMARK [2][-]{subsection.2.3}{AllReduce}{section.2}% 5
\BOOKMARK [1][-]{section.3}{System Design}{}% 6
\BOOKMARK [2][-]{subsection.3.1}{API}{section.3}% 7
\BOOKMARK [2][-]{subsection.3.2}{Gradient Reduction}{section.3}% 8
\BOOKMARK [3][-]{subsubsection.3.2.1}{A Naive Solution}{subsection.3.2}% 9
\BOOKMARK [3][-]{subsubsection.3.2.2}{Gradient Bucketing}{subsection.3.2}% 10
\BOOKMARK [3][-]{subsubsection.3.2.3}{Overlap Computation with Communication}{subsection.3.2}% 11
\BOOKMARK [3][-]{subsubsection.3.2.4}{Gradient Accumulation}{subsection.3.2}% 12
\BOOKMARK [2][-]{subsection.3.3}{Collective Communication}{section.3}% 13
\BOOKMARK [1][-]{section.4}{Implementation}{}% 14
\BOOKMARK [2][-]{subsection.4.1}{Python Front-end}{section.4}% 15
\BOOKMARK [2][-]{subsection.4.2}{Core Gradient Reduction}{section.4}% 16
\BOOKMARK [1][-]{section.5}{Evaluation}{}% 17
\BOOKMARK [2][-]{subsection.5.1}{Latency Breakdown}{section.5}% 18
\BOOKMARK [2][-]{subsection.5.2}{Bucket Size}{section.5}% 19
\BOOKMARK [2][-]{subsection.5.3}{Scalability}{section.5}% 20
\BOOKMARK [2][-]{subsection.5.4}{Round-Robin Process Group}{section.5}% 21
\BOOKMARK [1][-]{section.6}{Discussion}{}% 22
\BOOKMARK [2][-]{subsection.6.1}{Lessons Learned}{section.6}% 23
\BOOKMARK [2][-]{subsection.6.2}{Future Improvements}{section.6}% 24
\BOOKMARK [3][-]{subsubsection.6.2.1}{Gradient Order Prediction}{subsection.6.2}% 25
\BOOKMARK [3][-]{subsubsection.6.2.2}{Layer Dropping}{subsection.6.2}% 26
\BOOKMARK [3][-]{subsubsection.6.2.3}{Gradient Compression}{subsection.6.2}% 27
\BOOKMARK [1][-]{section.7}{Related Work}{}% 28
\BOOKMARK [1][-]{section.8}{Conclusion}{}% 29
\BOOKMARK [1][-]{section.9}{References}{}% 30
