\BOOKMARK [1][-]{section.1}{\376\377\000I\000n\000t\000r\000o\000d\000u\000c\000t\000i\000o\000n}{}% 1
\BOOKMARK [1][-]{section.2}{\376\377\000R\000e\000l\000a\000t\000e\000d\000\040\000w\000o\000r\000k}{}% 2
\BOOKMARK [1][-]{section.3}{\376\377\000T\000a\000s\000k\000:\000\040\000p\000r\000o\000m\000p\000t\000a\000b\000l\000e\000\040\000v\000i\000s\000u\000a\000l\000\040\000s\000e\000g\000m\000e\000n\000t\000a\000t\000i\000o\000n}{}% 3
\BOOKMARK [1][-]{section.4}{\376\377\000M\000o\000d\000e\000l}{}% 4
\BOOKMARK [1][-]{section.5}{\376\377\000D\000a\000t\000a}{}% 5
\BOOKMARK [2][-]{subsection.5.1}{\376\377\000D\000a\000t\000a\000\040\000e\000n\000g\000i\000n\000e}{section.5}% 6
\BOOKMARK [2][-]{subsection.5.2}{\376\377\000S\000A\000-\000V\000\040\000d\000a\000t\000a\000s\000e\000t}{section.5}% 7
\BOOKMARK [1][-]{section.6}{\376\377\000Z\000e\000r\000o\000-\000s\000h\000o\000t\000\040\000e\000x\000p\000e\000r\000i\000m\000e\000n\000t\000s}{}% 8
\BOOKMARK [2][-]{subsection.6.1}{\376\377\000P\000r\000o\000m\000p\000t\000a\000b\000l\000e\000\040\000v\000i\000d\000e\000o\000\040\000s\000e\000g\000m\000e\000n\000t\000a\000t\000i\000o\000n}{section.6}% 9
\BOOKMARK [2][-]{subsection.6.2}{\376\377\000S\000e\000m\000i\000-\000s\000u\000p\000e\000r\000v\000i\000s\000e\000d\000\040\000v\000i\000d\000e\000o\000\040\000o\000b\000j\000e\000c\000t\000\040\000s\000e\000g\000m\000e\000n\000t\000a\000t\000i\000o\000n}{section.6}% 10
\BOOKMARK [2][-]{subsection.6.3}{\376\377\000I\000m\000a\000g\000e\000\040\000s\000e\000g\000m\000e\000n\000t\000a\000t\000i\000o\000n}{section.6}% 11
\BOOKMARK [1][-]{section.7}{\376\377\000C\000o\000m\000p\000a\000r\000i\000s\000o\000n\000\040\000t\000o\000\040\000s\000t\000a\000t\000e\000-\000o\000f\000-\000t\000h\000e\000-\000a\000r\000t\000\040\000i\000n\000\040\000s\000e\000m\000i\000-\000s\000u\000p\000e\000r\000v\000i\000s\000e\000d\000\040\000V\000O\000S}{}% 12
\BOOKMARK [1][-]{section.8}{\376\377\000C\000o\000n\000c\000l\000u\000s\000i\000o\000n}{}% 13
\BOOKMARK [1][-]{appendix.A}{\376\377\000D\000a\000t\000a\000\040\000a\000n\000d\000\040\000m\000o\000d\000e\000l\000\040\000a\000b\000l\000a\000t\000i\000o\000n\000s}{}% 14
\BOOKMARK [2][-]{subsection.A.1}{\376\377\000D\000a\000t\000a\000\040\000a\000b\000l\000a\000t\000i\000o\000n\000s}{appendix.A}% 15
\BOOKMARK [2][-]{subsection.A.2}{\376\377\000M\000o\000d\000e\000l\000\040\000a\000r\000c\000h\000i\000t\000e\000c\000t\000u\000r\000e\000\040\000a\000b\000l\000a\000t\000i\000o\000n\000s}{appendix.A}% 16
\BOOKMARK [3][-]{subsubsection.A.2.1}{\376\377\000C\000a\000p\000a\000c\000i\000t\000y\000\040\000a\000b\000l\000a\000t\000i\000o\000n\000s}{subsection.A.2}% 17
\BOOKMARK [3][-]{subsubsection.A.2.2}{\376\377\000R\000e\000l\000a\000t\000i\000v\000e\000\040\000p\000o\000s\000i\000t\000i\000o\000n\000a\000l\000\040\000e\000n\000c\000o\000d\000i\000n\000g}{subsection.A.2}% 18
\BOOKMARK [3][-]{subsubsection.A.2.3}{\376\377\000M\000e\000m\000o\000r\000y\000\040\000a\000r\000c\000h\000i\000t\000e\000c\000t\000u\000r\000e\000\040\000a\000b\000l\000a\000t\000i\000o\000n\000s}{subsection.A.2}% 19
\BOOKMARK [1][-]{appendix.B}{\376\377\000D\000e\000t\000a\000i\000l\000s\000\040\000o\000n\000\040\000t\000h\000e\000\040\000P\000V\000S\000\040\000T\000a\000s\000k}{}% 20
\BOOKMARK [1][-]{appendix.C}{\376\377\000L\000i\000m\000i\000t\000a\000t\000i\000o\000n\000s}{}% 21
\BOOKMARK [1][-]{appendix.D}{\376\377\000S\000A\000M\000\040\0002\000\040\000d\000e\000t\000a\000i\000l\000s}{}% 22
\BOOKMARK [2][-]{subsection.D.1}{\376\377\000A\000r\000c\000h\000i\000t\000e\000c\000t\000u\000r\000e}{appendix.D}% 23
\BOOKMARK [2][-]{subsection.D.2}{\376\377\000T\000r\000a\000i\000n\000i\000n\000g}{appendix.D}% 24
\BOOKMARK [3][-]{subsubsection.D.2.1}{\376\377\000P\000r\000e\000-\000t\000r\000a\000i\000n\000i\000n\000g}{subsection.D.2}% 25
\BOOKMARK [3][-]{subsubsection.D.2.2}{\376\377\000F\000u\000l\000l\000\040\000t\000r\000a\000i\000n\000i\000n\000g}{subsection.D.2}% 26
\BOOKMARK [2][-]{subsection.D.3}{\376\377\000S\000p\000e\000e\000d\000\040\000b\000e\000n\000c\000h\000m\000a\000r\000k\000i\000n\000g}{appendix.D}% 27
\BOOKMARK [1][-]{appendix.E}{\376\377\000D\000a\000t\000a\000\040\000d\000e\000t\000a\000i\000l\000s}{}% 28
\BOOKMARK [2][-]{subsection.E.1}{\376\377\000S\000A\000-\000V\000\040\000d\000a\000t\000a\000s\000e\000t\000\040\000d\000e\000t\000a\000i\000l\000s}{appendix.E}% 29
\BOOKMARK [3][-]{subsubsection.E.1.1}{\376\377\000F\000a\000i\000r\000n\000e\000s\000s\000\040\000e\000v\000a\000l\000u\000a\000t\000i\000o\000n}{subsection.E.1}% 30
\BOOKMARK [2][-]{subsection.E.2}{\376\377\000D\000a\000t\000a\000\040\000e\000n\000g\000i\000n\000e\000\040\000d\000e\000t\000a\000i\000l\000s}{appendix.E}% 31
\BOOKMARK [3][-]{subsubsection.E.2.1}{\376\377\000A\000n\000n\000o\000t\000a\000t\000i\000o\000n\000\040\000p\000r\000o\000t\000o\000c\000o\000l}{subsection.E.2}% 32
\BOOKMARK [3][-]{subsubsection.E.2.2}{\376\377\000D\000a\000t\000a\000\040\000e\000n\000g\000i\000n\000e\000\040\000p\000h\000a\000s\000e\000\040\000c\000o\000m\000p\000a\000r\000i\000s\000o\000n}{subsection.E.2}% 33
\BOOKMARK [1][-]{appendix.F}{\376\377\000D\000e\000t\000a\000i\000l\000s\000\040\000o\000n\000\040\000z\000e\000r\000o\000-\000s\000h\000o\000t\000\040\000t\000r\000a\000n\000s\000f\000e\000r\000\040\000e\000x\000p\000e\000r\000i\000m\000e\000n\000t\000s}{}% 34
\BOOKMARK [2][-]{subsection.F.1}{\376\377\000Z\000e\000r\000o\000-\000s\000h\000o\000t\000\040\000v\000i\000d\000e\000o\000\040\000t\000a\000s\000k\000s}{appendix.F}% 35
\BOOKMARK [3][-]{subsubsection.F.1.1}{\376\377\000V\000i\000d\000e\000o\000\040\000d\000a\000t\000a\000s\000e\000t\000\040\000d\000e\000t\000a\000i\000l\000s}{subsection.F.1}% 36
\BOOKMARK [3][-]{subsubsection.F.1.2}{\376\377\000I\000n\000t\000e\000r\000a\000c\000t\000i\000v\000e\000\040\000o\000f\000f\000l\000i\000n\000e\000\040\000a\000n\000d\000\040\000o\000n\000l\000i\000n\000e\000\040\000e\000v\000a\000l\000u\000a\000t\000i\000o\000n\000\040\000d\000e\000t\000a\000i\000l\000s}{subsection.F.1}% 37
\BOOKMARK [3][-]{subsubsection.F.1.3}{\376\377\000S\000e\000m\000i\000-\000s\000u\000p\000e\000r\000v\000i\000s\000e\000d\000\040\000V\000O\000S\000\040\000e\000v\000a\000l\000u\000a\000t\000i\000o\000n\000\040\000d\000e\000t\000a\000i\000l\000s}{subsection.F.1}% 38
\BOOKMARK [3][-]{subsubsection.F.1.4}{\376\377\000S\000A\000M\000+\000X\000M\000e\000m\000+\000+\000\040\000a\000n\000d\000\040\000S\000A\000M\000+\000C\000u\000t\000i\000e\000\040\000b\000a\000s\000e\000l\000i\000n\000e\000\040\000d\000e\000t\000a\000i\000l\000s}{subsection.F.1}% 39
\BOOKMARK [2][-]{subsection.F.2}{\376\377\000D\000A\000V\000I\000S\000\040\000i\000n\000t\000e\000r\000a\000c\000t\000i\000v\000e\000\040\000b\000e\000n\000c\000h\000m\000a\000r\000k}{appendix.F}% 40
\BOOKMARK [2][-]{subsection.F.3}{\376\377\000Z\000e\000r\000o\000-\000s\000h\000o\000t\000\040\000i\000m\000a\000g\000e\000\040\000t\000a\000s\000k\000s}{appendix.F}% 41
\BOOKMARK [3][-]{subsubsection.F.3.1}{\376\377\000D\000a\000t\000a\000s\000e\000t\000\040\000d\000e\000t\000a\000i\000l\000s}{subsection.F.3}% 42
\BOOKMARK [3][-]{subsubsection.F.3.2}{\376\377\000D\000e\000t\000a\000i\000l\000e\000d\000\040\000z\000e\000r\000o\000-\000s\000h\000o\000t\000\040\000e\000x\000p\000e\000r\000i\000m\000e\000n\000t\000s}{subsection.F.3}% 43
\BOOKMARK [1][-]{appendix.G}{\376\377\000D\000e\000t\000a\000i\000l\000s\000\040\000o\000n\000\040\000c\000o\000m\000p\000a\000r\000i\000s\000o\000n\000\040\000t\000o\000\040\000s\000t\000a\000t\000e\000-\000o\000f\000-\000t\000h\000e\000-\000a\000r\000t\000\040\000i\000n\000\040\000s\000e\000m\000i\000-\000s\000u\000p\000e\000r\000v\000i\000s\000e\000d\000\040\000V\000O\000S}{}% 44
\BOOKMARK [1][-]{appendix.H}{\376\377\000M\000o\000d\000e\000l\000,\000\040\000d\000a\000t\000a\000\040\000a\000n\000d\000\040\000a\000n\000n\000o\000t\000a\000t\000i\000o\000n\000\040\000c\000a\000r\000d\000s}{}% 45
\BOOKMARK [2][-]{subsection.H.1}{\376\377\000M\000o\000d\000e\000l\000\040\000c\000a\000r\000d}{appendix.H}% 46
\BOOKMARK [2][-]{subsection.H.2}{\376\377\000D\000a\000t\000a\000s\000e\000t\000\040\000c\000a\000r\000d\000\040\000f\000o\000r\000\040\000S\000A\000-\000V\000\040\000d\000a\000t\000a\000s\000e\000t}{appendix.H}% 47
\BOOKMARK [2][-]{subsection.H.3}{\376\377\000D\000a\000t\000a\000\040\000a\000n\000n\000o\000t\000a\000t\000i\000o\000n\000\040\000c\000a\000r\000d}{appendix.H}% 48
